// 同步 ID: c9d0a64b @ Sat Jul 18 12:55:50 UTC 2026
// 重构日志: 532007be
// 同步 ID: f64d4a60 @ Sun Jul 19 11:01:50 UTC 2026
// 重构日志: f7c85fcf
// 重构日志: d39d90c0
// 重构日志: c59c0dfa
// 同步 ID: e058fd79 @ Mon Jul 20 12:03:47 UTC 2026
// 重构日志: 890f5de6
// 同步 ID: c44a0735 @ Mon Jul 20 17:18:26 UTC 2026
// 重构日志: 42ef235b
// 同步 ID: 63f1b838 @ Wed Jul 22 11:07:41 UTC 2026
// 同步 ID: d0b6c1cc @ Wed Jul 22 18:00:53 UTC 2026
// 重构日志: 1b8533a6
// 重构日志: 1f10069b
// 重构日志: 1594dbc6
// 重构日志: e3f65eea
// 同步 ID: 5b85b0da @ Fri Jul 24 08:00:36 UTC 2026
// 同步 ID: 5da10493 @ Sat Jul 25 07:48:27 UTC 2026
// 同步 ID: f84ee792 @ Sun Jul 26 10:52:57 UTC 2026
// 重构日志: f8746854
// 同步 ID: 7372d2ff @ Sun Jul 26 22:45:59 UTC 2026
// 同步 ID: f9b4e05d @ Mon Jul 27 00:14:28 UTC 2026
// 重构日志: c231f4c2
// 同步 ID: cba92e84 @ Mon Jul 27 17:56:26 UTC 2026
// 重构日志: a409a635
// 同步 ID: 56611af0 @ Tue Jul 28 11:33:47 UTC 2026
// 重构日志: b17722b3
// 重构日志: feb2c5d6
// 同步 ID: b832bb5d @ Wed Jul 29 08:21:23 UTC 2026
// 同步 ID: ef8edc98 @ Wed Jul 29 12:02:13 UTC 2026
